[colorlib.com/demoe03d.html]
[backblue.gif]
[fade.gif]
[index.html]
[colorlib.com/wp-content/plugins/fbar/css/frame.css]
[www.googletagmanager.com/gtag/jsa055]
[colorlib.com/wp-content/uploads/2017/11/11]
[colorlib.com/wp-content/plugins/fbar/js/jquery-1.9.1.min.js]
[ajax.googleapis.com/ajax/libs/jqueryui/1.8.23/jquery-ui.js]
[colorlib.com/wp-content/plugins/fbar/js/custom.js]
[colorlib.com/demo70c2.html]
[colorlib.com/wp-content/uploads/2017/11/celt-free-construction-company-website-template-1.jpg]
[colorlib.com/demo3cde.html]
[colorlib.com/wp-content/uploads/2017/11/topbuilder-construction-company-website-template-pr.jpg]
[colorlib.com/demo19d5.html]
[colorlib.com/wp-content/uploads/2017/11/bobsled-creative-website-template-pr.jpg]
[colorlib.com/demob8d9.html]
[colorlib.com/wp-content/uploads/2017/11/bona-food-blog-website-template-pr.jpg]
[colorlib.com/demo6569.html]
[colorlib.com/wp-content/uploads/2017/11/labs-digital-agency-website-template-pr.jpg]
[colorlib.com/demo0317.html]
[colorlib.com/wp-content/uploads/2017/11/ca-app-showcase-website-template-pr.jpg]
[colorlib.com/demod95e.html]
[colorlib.com/wp-content/uploads/2017/11/datarc-digital-agency-free-website-template-pr.jpg]
[colorlib.com/demo26ac.html]
[colorlib.com/wp-content/uploads/2017/11/dinomuz-free-creative-website-template-pr.jpg]
[colorlib.com/demo872a.html]
[colorlib.com/wp-content/uploads/2017/11/go-crepe-creative-digital-agency-website-template-pr.jpg]
[colorlib.com/demo5857.html]
[colorlib.com/wp-content/uploads/2017/11/fullscreen-ilene-berg-free-website-template-pr.jpg]
[colorlib.com/demoa697.html]
[colorlib.com/wp-content/uploads/2017/11/MobApp-free-one-mobile-app-landing-page-pe.jpg]
[colorlib.com/democ7a6.html]
[colorlib.com/wp-content/uploads/2017/11/five-star-art-crafting-website-template-pr.jpg]
[colorlib.com/demo8765.html]
[colorlib.com/wp-content/uploads/2017/11/creative-agency-website-template-pr.jpg]
[colorlib.com/demo8d50.html]
[colorlib.com/wp-content/uploads/2017/11/boxus-creative-digital-agency-free-website-template-pr.jpg]
[colorlib.com/demode35.html]
[colorlib.com/wp-content/uploads/2017/11/katt-free-creative-blog-website-template-pr.jpg]
[colorlib.com/democ0d7.html]
[colorlib.com/wp-content/uploads/2017/11/suppablog-free-creative-blog-template-for-writters-pr.jpg]
[colorlib.com/demo0b58.html]
[colorlib.com/wp-content/uploads/2017/11/pato-free-modern-restuarant-website-template-pr.jpg]
[colorlib.com/demo2521.html]
[colorlib.com/wp-content/uploads/2017/11/yummy-minimal-food-blog-website-template-pr.jpg]
[colorlib.com/demo0360.html]
[colorlib.com/wp-content/uploads/2017/11/bbs-free-small-company-website-template-pr.jpg]
[colorlib.com/demob194.html]
[colorlib.com/wp-content/uploads/2017/11/dup-free-creative-agency-website-template-pr.jpg]
[colorlib.com/wp-content/uploads/2017/11/glint-free-fullscreen-small-business-template-pr.jpg]
[colorlib.com/demo7283.html]
[colorlib.com/wp-content/uploads/2017/12/inmotion-free-green-eco-website-template-pr.jpg]
[colorlib.com/demod30e.html]
[colorlib.com/wp-content/uploads/2017/12/maze-bright-free-personal-website-template-pr.jpg]
[colorlib.com/demo4229.html]
[colorlib.com/wp-content/uploads/2017/12/ozberk-free-fullscreen-business-website-template-pr-1.jpg]
[colorlib.com/demo29bc.html]
[colorlib.com/wp-content/uploads/2017/12/coloshop-free-bootstrap-ecommerce-website-template-cr-1.jpg]
[colorlib.com/demodc8b.html]
[colorlib.com/wp-content/uploads/2017/12/typo-bright-free-app-landing-page-template-pr.jpg]
[colorlib.com/demo9c85.html]
[colorlib.com/wp-content/uploads/2017/12/bizpro-free-classic-website-template-pr.jpg]
[colorlib.com/demod031.html]
[colorlib.com/wp-content/uploads/2017/12/colid-free-app-landing-page-website-template-pr.jpg]
[colorlib.com/democ7b8.html]
[colorlib.com/wp-content/uploads/2017/12/fashe-free-ecommerce-website-template-pr.jpg]
[colorlib.com/democed8.html]
[colorlib.com/wp-content/uploads/2017/12/susan-free-app-showcase-website-template-pr.jpg]
[colorlib.com/demo1a7d.html]
[colorlib.com/wp-content/uploads/2017/12/yaseen-creative-photography-website-landing-page-template-pr.jpg]
[colorlib.com/demo983e.html]
[colorlib.com/wp-content/uploads/2017/12/edusite-free-online-courses-website-template-pr.jpg]
[colorlib.com/demo2143.html]
[colorlib.com/wp-content/uploads/2017/12/juli-free-lifestyle-blog-website-template-pr.jpg]
[colorlib.com/demoafcf.html]
[colorlib.com/wp-content/uploads/2017/12/listing-free-directory-website-template-pr.jpg]
[colorlib.com/demo477c.html]
[colorlib.com/wp-content/uploads/2017/12/risotto-free-restaurant-website-template-pr.jpg]
[colorlib.com/demo21b3.html]
[colorlib.com/wp-content/uploads/2017/12/droppler-photography-blog-website-template-pr.jpg]
[colorlib.com/demodf35.html]
[colorlib.com/wp-content/uploads/2017/12/fancy-free-creative-business-website-template-pr.jpg]
[colorlib.com/demo8ba6.html]
[colorlib.com/wp-content/uploads/2018/01/simples-free-fullscreen-feminine-website-template-pr.jpg]
[colorlib.com/demo5cb1.html]
[colorlib.com/wp-content/uploads/2018/01/cellon-free-ligh-consulting-company-template-pr.jpg]
[colorlib.com/democf25.html]
[colorlib.com/wp-content/uploads/2018/01/pemodule-free-photographer-website-template-pr.jpg]
[colorlib.com/demo3968.html]
[colorlib.com/wp-content/uploads/2018/01/blueline-free-fullscreen-business-website-template-pr.jpg]
[colorlib.com/demo0cda.html]
[colorlib.com/wp-content/uploads/2018/01/layal-free-interior-design-wwebsite-template-pr.jpg]
[colorlib.com/demo7e1b.html]
[colorlib.com/wp-content/uploads/2018/01/music-free-fullscreen-musician-website-template-pr.jpg]
[colorlib.com/demob865.html]
[colorlib.com/wp-content/uploads/2018/01/fashion-bold-free-fashion-website-template-pr.jpg]
[colorlib.com/demo311b.html]
[colorlib.com/wp-content/uploads/2018/01/e-shop-free-ecommerce-website-template-pr.jpg]
[colorlib.com/demo2fc1.html]
[colorlib.com/wp-content/uploads/2018/01/platina-free-travel-agency-website-template-pe.jpg]
[colorlib.com/demo92c7.html]
[colorlib.com/wp-content/uploads/2018/01/travelasia-free-creative-travel-agency-booking-template-pr.jpg]
[colorlib.com/demo2169.html]
[colorlib.com/wp-content/uploads/2018/01/evantasia-free-fullscreen-event-website-template-pr.jpg]
[colorlib.com/demo05cc.html]
[colorlib.com/wp-content/uploads/2018/01/medi-plus-free-medical-website-template-pr.jpg]
[colorlib.com/demo5ae4.html]
[colorlib.com/wp-content/uploads/2018/01/charity-free-non-profit-donation-website-template-pr.jpg]
[colorlib.com/demof87d.html]
[colorlib.com/wp-content/uploads/2018/01/philosophy-free-lifestyle-blog-website-template-pr-1.jpg]
[colorlib.com/demo0bf1.html]
[colorlib.com/wp-content/uploads/2018/01/medical-free-clean-health-website-template-pr.jpg]
[colorlib.com/demo6308.html]
[colorlib.com/wp-content/uploads/2018/01/lawfirm-free-fullscreen-lawyer-website-template-pr.jpg]
[twitter.com/share.70.delayed]
[twitter.com/intent/tweeteac6.html]
[connect.facebook.net/en_GB/sdk.js]
[m.facebook.com/login3b27.html]
[colorlib.com/wp-content/plugins/fbar/images/download-button.png]
[colorlib.com/etc/glint/index.html]
[colorlib.com/wp/template/glint/index.html]
[colorlib.com/wp-content/plugins/fbar/images/cross.png]
[colorlib.com/demoe03d.html]
[colorlib.com/wp-content/plugins/fbar/css/frame.css]
[ajax.cloudflare.com/cdn-cgi/scripts/a2bd7673/cloudflare-static/rocket-loader.min.js]
[colorlib.com/wp-content/uploads/2017/11/11.html]
[colorlib.com/demo70c2.html]
[colorlib.com/demo3cde.html]
[colorlib.com/demo19d5.html]
[colorlib.com/demob8d9.html]
[colorlib.com/demo6569.html]
[colorlib.com/demo0317.html]
[colorlib.com/demod95e.html]
[colorlib.com/demo26ac.html]
[colorlib.com/demo872a.html]
[colorlib.com/demo5857.html]
[colorlib.com/demoa697.html]
[colorlib.com/democ7a6.html]
[colorlib.com/demo8765.html]
[colorlib.com/demo8d50.html]
[colorlib.com/demode35.html]
[colorlib.com/democ0d7.html]
[colorlib.com/demo0b58.html]
[colorlib.com/demo2521.html]
[colorlib.com/demo0360.html]
[colorlib.com/demob194.html]
[colorlib.com/demo7283.html]
[colorlib.com/demod30e.html]
[colorlib.com/demo4229.html]
[colorlib.com/demo29bc.html]
[colorlib.com/demodc8b.html]
[colorlib.com/demo9c85.html]
[colorlib.com/demod031.html]
[colorlib.com/democ7b8.html]
[colorlib.com/democed8.html]
[colorlib.com/demo1a7d.html]
[colorlib.com/demo983e.html]
[colorlib.com/demo2143.html]
[colorlib.com/demoafcf.html]
[colorlib.com/demo477c.html]
[colorlib.com/demo21b3.html]
[colorlib.com/demodf35.html]
[colorlib.com/demo8ba6.html]
[colorlib.com/demo5cb1.html]
[colorlib.com/democf25.html]
[colorlib.com/demo3968.html]
[colorlib.com/demo0cda.html]
[colorlib.com/demo7e1b.html]
[colorlib.com/demob865.html]
[colorlib.com/demo311b.html]
[colorlib.com/demo2fc1.html]
[colorlib.com/demo92c7.html]
[colorlib.com/demo2169.html]
[colorlib.com/demo05cc.html]
[colorlib.com/demo5ae4.html]
[colorlib.com/demof87d.html]
[colorlib.com/demo0bf1.html]
[colorlib.com/demo6308.html]
[twitter.com/intent/tweeteac6.html]
[connect.facebook.net/en_GB/sdk.js]
[m.facebook.com/login3b27.html]
[colorlib.com/wp/template/glint/index.html]
[colorlib.com/etc/glint/css/base.css]
[colorlib.com/etc/glint/css/vendor.css]
[colorlib.com/etc/glint/css/main.css]
[colorlib.com/etc/glint/js/modernizr.js]
[colorlib.com/etc/glint/js/pace.min.js]
[colorlib.com/etc/glint/favicon.ico]
[colorlib.com/etc/glint/images/logo.png]
[colorlib.com/etc/glint/images/portfolio/gallery/g-shutterbug.jpg]
[colorlib.com/etc/glint/images/portfolio/lady-shutterbug.jpg]
[colorlib.com/etc/glint/images/portfolio/gallery/g-woodcraft.jpg]
[www.behance.net/index.html]
[colorlib.com/etc/glint/images/portfolio/woodcraft.jpg]
[colorlib.com/etc/glint/images/portfolio/gallery/g-beetle.jpg]
[colorlib.com/etc/glint/images/portfolio/the-beetle.jpg]
[colorlib.com/etc/glint/images/portfolio/gallery/g-grow-green.jpg]
[colorlib.com/etc/glint/images/portfolio/grow-green.jpg]
[colorlib.com/etc/glint/images/portfolio/gallery/g-guitarist.jpg]
[colorlib.com/etc/glint/images/portfolio/guitarist.jpg]
[colorlib.com/etc/glint/images/portfolio/gallery/g-palmeira.jpg]
[colorlib.com/etc/glint/images/portfolio/palmeira.jpg]
[colorlib.com/etc/glint/images/clients/apple.png]
[colorlib.com/etc/glint/images/clients/atom.png]
[colorlib.com/etc/glint/images/clients/blackberry.png]
[colorlib.com/etc/glint/images/clients/dropbox.png]
[colorlib.com/etc/glint/images/clients/envato.png]
[colorlib.com/etc/glint/images/clients/firefox.png]
[colorlib.com/etc/glint/images/clients/joomla.png]
[colorlib.com/etc/glint/images/clients/magento.png]
[colorlib.com/etc/glint/images/avatars/user-01.jpg]
[colorlib.com/etc/glint/images/avatars/user-05.jpg]
[colorlib.com/etc/glint/images/avatars/user-02.jpg]
[colorlib.com/cdn-cgi/l/email-protection.html]
[colorlib.com/cdn-cgi/scripts/5c5dd728/cloudflare-static/email-decode.min.js]
[colorlib.com/etc/glint/js/jquery-3.2.1.min.js]
[colorlib.com/etc/glint/index.html]
[colorlib.com/etc/glint/css/base.css]
[colorlib.com/etc/glint/css/vendor.css]
[colorlib.com/etc/glint/css/main.css]
[colorlib.com/etc/glint/js/main.js]
[colorlib.com/etc/glint/js/plugins.js]
[www.behance.net/POST.html]
[a5.behance.net/cce8433a6e5b725035aac26fff7ebace8c12177e/js/sso/shim-config08a5.js]
[www.behance.net/index.html]
[colorlib.com/cdn-cgi/l/email-protection.html]
[www.colorlib.com/index.html]
[www.behance.net/POST.html]
